
> wings-2k26-client@1.0.0 build
> vite build

[36mvite v6.4.1 [32mbuilding for production...[36m[39m
transforming...
[32mΓ£ô[39m 309 modules transformed.
rendering chunks...
computing gzip size...
[2mdist/[22m[32mindex.html                                [39m[1m[2m  1.20 kB[22m[1m[22m[2m Γöé gzip:   0.54 kB[22m
[2mdist/[22m[32massets/fa-v4compatibility-C9RhG_FT.woff2  [39m[1m[2m  4.80 kB[22m[1m[22m
[2mdist/[22m[32massets/fa-v4compatibility-CCth-dXg.ttf    [39m[1m[2m 10.84 kB[22m[1m[22m
[2mdist/[22m[32massets/fa-regular-400-BjRzuEpd.woff2      [39m[1m[2m 25.47 kB[22m[1m[22m
[2mdist/[22m[32massets/fa-regular-400-DZaxPHgR.ttf        [39m[1m[2m 68.06 kB[22m[1m[22m
[2mdist/[22m[32massets/fa-brands-400-D_cYUPeE.woff2       [39m[1m[2m118.68 kB[22m[1m[22m
[2mdist/[22m[32massets/fa-solid-900-CTAAxXor.woff2        [39m[1m[2m158.22 kB[22m[1m[22m
[2mdist/[22m[32massets/fa-brands-400-D1LuMI3I.ttf         [39m[1m[2m210.79 kB[22m[1m[22m
[2mdist/[22m[32massets/fa-solid-900-D0aA9rwL.ttf          [39m[1m[2m426.11 kB[22m[1m[22m
[2mdist/[22m[35massets/index-C_jexAIi.css                 [39m[1m[2m123.59 kB[22m[1m[22m[2m Γöé gzip:  33.95 kB[22m
[2mdist/[22m[36massets/purify.es-CFh60W_8.js              [39m[1m[2m 22.77 kB[22m[1m[22m[2m Γöé gzip:   8.79 kB[22m
[2mdist/[22m[36massets/index.es-DTBH3pHO.js               [39m[1m[2m159.42 kB[22m[1m[22m[2m Γöé gzip:  53.45 kB[22m
[2mdist/[22m[36massets/html2canvas.esm-QH1iLAAe.js        [39m[1m[2m202.38 kB[22m[1m[22m[2m Γöé gzip:  48.04 kB[22m
[2mdist/[22m[36massets/index-CYzXadFm.js                  [39m[1m[2m330.93 kB[22m[1m[22m[2m Γöé gzip: 102.63 kB[22m
[2mdist/[22m[36massets/jspdf.es.min-B1Zdut3R.js           [39m[1m[2m390.44 kB[22m[1m[22m[2m Γöé gzip: 128.60 kB[22m
[32mΓ£ô built in 4.29s[39m
